[0.016s] Invoking command in '/home/tony/25_ws/build/tb4_autonav_interfaces': CMAKE_PREFIX_PATH=${CMAKE_PREFIX_PATH}:/home/tony/ros2_ws/install/witmotion_ros_driver:/home/tony/ros2_ws/install/ros2_aruco:/home/tony/ros2_ws/install/interbotix_xs_modules:/home/tony/ros2_ws/install/interbotix_perception_modules:/home/tony/ros2_ws/install/interbotix_common_modules:/home/tony/ros2_ws/install/detection:/home/tony/new_ws/install/project:/home/tony/25_ws/install/tb4_autonav:/home/tony/24fall_EE211_ws/install/turtlebot4_tests:/home/tony/24fall_EE211_ws/install/turtlebot4_diagnostics:/opt/ros/humble /usr/bin/cmake --build /home/tony/25_ws/build/tb4_autonav_interfaces -- -j8 -l8
[0.038s] -- Found ament_cmake: 1.3.11 (/opt/ros/humble/share/ament_cmake/cmake)
[0.157s] -- Found rosidl_default_generators: 1.2.0 (/opt/ros/humble/share/rosidl_default_generators/cmake)
[0.163s] -- Using all available rosidl_typesupport_c: rosidl_typesupport_fastrtps_c;rosidl_typesupport_introspection_c
[0.165s] -- Found rosidl_adapter: 3.1.6 (/opt/ros/humble/share/rosidl_adapter/cmake)
[0.190s] -- Using all available rosidl_typesupport_cpp: rosidl_typesupport_fastrtps_cpp;rosidl_typesupport_introspection_cpp
[0.207s] -- Found builtin_interfaces: 1.2.1 (/opt/ros/humble/share/builtin_interfaces/cmake)
[0.215s] -- Found std_msgs: 4.2.4 (/opt/ros/humble/share/std_msgs/cmake)
[0.389s] [31mCMake Error at /opt/ros/humble/share/rosidl_adapter/cmake/rosidl_adapt_interfaces.cmake:59 (message):
[0.389s]   execute_process(/usr/bin/python3 -m rosidl_adapter --package-name
[0.389s]   tb4_autonav_interfaces --arguments-file
[0.389s]   /home/tony/25_ws/build/tb4_autonav_interfaces/rosidl_adapter__arguments__tb4_autonav_interfaces.json
[0.389s]   --output-dir
[0.389s]   /home/tony/25_ws/build/tb4_autonav_interfaces/rosidl_adapter/tb4_autonav_interfaces
[0.389s]   --output-file
[0.390s]   /home/tony/25_ws/build/tb4_autonav_interfaces/rosidl_adapter/tb4_autonav_interfaces.idls)
[0.390s]   returned error code 1:
[0.390s] 
[0.390s]   Error processing 'float linear_velocity' of
[0.390s]   'tb4_autonav_interfaces/PickPlaceEvent': ''float' is an invalid message
[0.390s]   name.  It should have the pattern '^[A-Z][A-Za-z0-9]*$''
[0.390s] 
[0.390s]   Traceback (most recent call last):
[0.390s] 
[0.390s]     File "/usr/lib/python3.10/runpy.py", line 196, in _run_module_as_main
[0.390s]       return _run_code(code, main_globals, None,
[0.390s]     File "/usr/lib/python3.10/runpy.py", line 86, in _run_code
[0.390s]       exec(code, run_globals)
[0.390s]     File "/opt/ros/humble/local/lib/python3.10/dist-packages/rosidl_adapter/__main__.py", line 19, in <module>
[0.390s]       sys.exit(main())
[0.390s]     File "/opt/ros/humble/local/lib/python3.10/dist-packages/rosidl_adapter/main.py", line 53, in main
[0.390s]       abs_idl_file = convert_to_idl(
[0.390s]     File "/opt/ros/humble/local/lib/python3.10/dist-packages/rosidl_adapter/__init__.py", line 19, in convert_to_idl
[0.390s]       return convert_msg_to_idl(
[0.390s]     File "/opt/ros/humble/local/lib/python3.10/dist-packages/rosidl_adapter/msg/__init__.py", line 28, in convert_msg_to_idl
[0.390s]       msg = parse_message_string(package_name, input_file.stem, content)
[0.390s]     File "/opt/ros/humble/local/lib/python3.10/dist-packages/rosidl_adapter/parser.py", line 520, in parse_message_string
[0.391s]       Type(type_string, context_package_name=pkg_name),
[0.391s]     File "/opt/ros/humble/local/lib/python3.10/dist-packages/rosidl_adapter/parser.py", line 277, in __init__
[0.391s]       super(Type, self).__init__(
[0.391s]     File "/opt/ros/humble/local/lib/python3.10/dist-packages/rosidl_adapter/parser.py", line 205, in __init__
[0.391s]       raise InvalidResourceName(
[0.391s] 
[0.391s]   rosidl_adapter.parser.InvalidResourceName: 'float' is an invalid message
[0.391s]   name.  It should have the pattern '^[A-Z][A-Za-z0-9]*$'
[0.391s] 
[0.391s] Call Stack (most recent call first):
[0.391s]   /opt/ros/humble/share/rosidl_cmake/cmake/rosidl_generate_interfaces.cmake:130 (rosidl_adapt_interfaces)
[0.391s]   CMakeLists.txt:10 (rosidl_generate_interfaces)
[0.391s] 
[0.391s] [0m
[0.391s] -- Configuring incomplete, errors occurred!
[0.391s] See also "/home/tony/25_ws/build/tb4_autonav_interfaces/CMakeFiles/CMakeOutput.log".
[0.397s] gmake: *** [Makefile:1179: cmake_check_build_system] Error 1
[0.399s] Invoked command in '/home/tony/25_ws/build/tb4_autonav_interfaces' returned '2': CMAKE_PREFIX_PATH=${CMAKE_PREFIX_PATH}:/home/tony/ros2_ws/install/witmotion_ros_driver:/home/tony/ros2_ws/install/ros2_aruco:/home/tony/ros2_ws/install/interbotix_xs_modules:/home/tony/ros2_ws/install/interbotix_perception_modules:/home/tony/ros2_ws/install/interbotix_common_modules:/home/tony/ros2_ws/install/detection:/home/tony/new_ws/install/project:/home/tony/25_ws/install/tb4_autonav:/home/tony/24fall_EE211_ws/install/turtlebot4_tests:/home/tony/24fall_EE211_ws/install/turtlebot4_diagnostics:/opt/ros/humble /usr/bin/cmake --build /home/tony/25_ws/build/tb4_autonav_interfaces -- -j8 -l8
