[0.015s] Invoking command in '/home/tony/25_ws/build/tb4_autonav_interfaces': CMAKE_PREFIX_PATH=${CMAKE_PREFIX_PATH}:/home/tony/ros2_ws/install/witmotion_ros_driver:/home/tony/ros2_ws/install/ros2_aruco:/home/tony/ros2_ws/install/interbotix_xs_modules:/home/tony/ros2_ws/install/interbotix_perception_modules:/home/tony/ros2_ws/install/interbotix_common_modules:/home/tony/ros2_ws/install/detection:/home/tony/new_ws/install/project:/home/tony/25_ws/install/tb4_autonav:/home/tony/24fall_EE211_ws/install/turtlebot4_tests:/home/tony/24fall_EE211_ws/install/turtlebot4_diagnostics:/opt/ros/humble /usr/bin/cmake --build /home/tony/25_ws/build/tb4_autonav_interfaces -- -j8 -l8
[0.037s] -- Found ament_cmake: 1.3.11 (/opt/ros/humble/share/ament_cmake/cmake)
[0.170s] -- Found rosidl_default_generators: 1.2.0 (/opt/ros/humble/share/rosidl_default_generators/cmake)
[0.177s] -- Using all available rosidl_typesupport_c: rosidl_typesupport_fastrtps_c;rosidl_typesupport_introspection_c
[0.179s] -- Found rosidl_adapter: 3.1.6 (/opt/ros/humble/share/rosidl_adapter/cmake)
[0.203s] -- Using all available rosidl_typesupport_cpp: rosidl_typesupport_fastrtps_cpp;rosidl_typesupport_introspection_cpp
[0.221s] -- Found builtin_interfaces: 1.2.1 (/opt/ros/humble/share/builtin_interfaces/cmake)
[0.229s] -- Found std_msgs: 4.2.4 (/opt/ros/humble/share/std_msgs/cmake)
[0.510s] -- Found ament_cmake_ros: 0.10.0 (/opt/ros/humble/share/ament_cmake_ros/cmake)
[0.698s] -- Using all available rosidl_typesupport_c: rosidl_typesupport_fastrtps_c;rosidl_typesupport_introspection_c
[0.938s] -- Using all available rosidl_typesupport_cpp: rosidl_typesupport_fastrtps_cpp;rosidl_typesupport_introspection_cpp
[0.958s] -- Found python_cmake_module: 0.10.0 (/opt/ros/humble/share/python_cmake_module/cmake)
[0.978s] -- Using PYTHON_EXECUTABLE: /usr/bin/python3
[0.978s] -- Using PYTHON_INCLUDE_DIRS: /usr/include/python3.10
[0.978s] -- Using PYTHON_LIBRARIES: /usr/lib/x86_64-linux-gnu/libpython3.10.so
[1.020s] -- Configuring done
[1.054s] -- Generating done
[1.067s] -- Build files have been written to: /home/tony/25_ws/build/tb4_autonav_interfaces
[1.092s] [  2%] [34m[1mGenerating C code for ROS interfaces[0m
[1.107s] [  4%] [34m[1mGenerating C++ code for ROS interfaces[0m
[1.108s] [  4%] Built target ament_cmake_python_copy_tb4_autonav_interfaces
[1.387s] running egg_info
[1.388s] writing tb4_autonav_interfaces.egg-info/PKG-INFO
[1.388s] writing dependency_links to tb4_autonav_interfaces.egg-info/dependency_links.txt
[1.388s] writing top-level names to tb4_autonav_interfaces.egg-info/top_level.txt
[1.392s] reading manifest file 'tb4_autonav_interfaces.egg-info/SOURCES.txt'
[1.392s] writing manifest file 'tb4_autonav_interfaces.egg-info/SOURCES.txt'
[1.427s] [  4%] Built target ament_cmake_python_build_tb4_autonav_interfaces_egg
[1.574s] [35m[1mConsolidate compiler generated dependencies of target tb4_autonav_interfaces__rosidl_generator_c[0m
[1.593s] [  6%] [32mBuilding C object CMakeFiles/tb4_autonav_interfaces__rosidl_generator_c.dir/rosidl_generator_c/tb4_autonav_interfaces/msg/detail/traffic_event__functions.c.o[0m
[1.594s] [  8%] [32mBuilding C object CMakeFiles/tb4_autonav_interfaces__rosidl_generator_c.dir/rosidl_generator_c/tb4_autonav_interfaces/msg/detail/pick_place_event__functions.c.o[0m
[1.595s] [ 10%] [32mBuilding C object CMakeFiles/tb4_autonav_interfaces__rosidl_generator_c.dir/rosidl_generator_c/tb4_autonav_interfaces/msg/detail/yolo_target_bias__functions.c.o[0m
[1.598s] [ 10%] Built target tb4_autonav_interfaces__cpp
[1.614s] [ 14%] [34m[1mGenerating C++ type support dispatch for ROS interfaces[0m
[1.615s] [ 14%] [34m[1mGenerating C++ introspection for ROS interfaces[0m
[1.615s] [ 17%] [34m[1mGenerating C++ type support for eProsima Fast-RTPS[0m
[1.663s] [ 19%] [32m[1mLinking C shared library libtb4_autonav_interfaces__rosidl_generator_c.so[0m
[1.715s] [ 19%] Built target tb4_autonav_interfaces__rosidl_generator_c
[1.735s] [ 23%] [34m[1mGenerating C type support for eProsima Fast-RTPS[0m
[1.735s] [ 23%] [34m[1mGenerating C type support dispatch for ROS interfaces[0m
[1.736s] [ 25%] [34m[1mGenerating C introspection for ROS interfaces[0m
[2.211s] [35m[1mConsolidate compiler generated dependencies of target tb4_autonav_interfaces__rosidl_typesupport_introspection_cpp[0m
[2.239s] [ 27%] [32mBuilding CXX object CMakeFiles/tb4_autonav_interfaces__rosidl_typesupport_introspection_cpp.dir/rosidl_typesupport_introspection_cpp/tb4_autonav_interfaces/msg/detail/pick_place_event__type_support.cpp.o[0m
[2.247s] [ 29%] [32mBuilding CXX object CMakeFiles/tb4_autonav_interfaces__rosidl_typesupport_introspection_cpp.dir/rosidl_typesupport_introspection_cpp/tb4_autonav_interfaces/msg/detail/traffic_event__type_support.cpp.o[0m
[2.252s] [ 31%] [32mBuilding CXX object CMakeFiles/tb4_autonav_interfaces__rosidl_typesupport_introspection_cpp.dir/rosidl_typesupport_introspection_cpp/tb4_autonav_interfaces/msg/detail/yolo_target_bias__type_support.cpp.o[0m
[2.342s] [35m[1mConsolidate compiler generated dependencies of target tb4_autonav_interfaces__rosidl_typesupport_c[0m
[2.359s] [35m[1mConsolidate compiler generated dependencies of target tb4_autonav_interfaces__rosidl_typesupport_cpp[0m
[2.359s] [35m[1mConsolidate compiler generated dependencies of target tb4_autonav_interfaces__rosidl_typesupport_fastrtps_cpp[0m
[2.384s] [ 34%] [32mBuilding CXX object CMakeFiles/tb4_autonav_interfaces__rosidl_typesupport_c.dir/rosidl_typesupport_c/tb4_autonav_interfaces/msg/traffic_event__type_support.cpp.o[0m
[2.412s] [ 36%] [32mBuilding CXX object CMakeFiles/tb4_autonav_interfaces__rosidl_typesupport_cpp.dir/rosidl_typesupport_cpp/tb4_autonav_interfaces/msg/traffic_event__type_support.cpp.o[0m
[2.417s] [ 38%] [32mBuilding CXX object CMakeFiles/tb4_autonav_interfaces__rosidl_typesupport_fastrtps_cpp.dir/rosidl_typesupport_fastrtps_cpp/tb4_autonav_interfaces/msg/detail/dds_fastrtps/traffic_event__type_support.cpp.o[0m
[2.479s] [35m[1mConsolidate compiler generated dependencies of target tb4_autonav_interfaces__rosidl_typesupport_introspection_c[0m
[2.491s] [ 40%] [32mBuilding CXX object CMakeFiles/tb4_autonav_interfaces__rosidl_typesupport_c.dir/rosidl_typesupport_c/tb4_autonav_interfaces/msg/yolo_target_bias__type_support.cpp.o[0m
[2.499s] [ 42%] [32mBuilding C object CMakeFiles/tb4_autonav_interfaces__rosidl_typesupport_introspection_c.dir/rosidl_typesupport_introspection_c/tb4_autonav_interfaces/msg/detail/traffic_event__type_support.c.o[0m
[2.574s] [ 46%] [32mBuilding CXX object CMakeFiles/tb4_autonav_interfaces__rosidl_typesupport_c.dir/rosidl_typesupport_c/tb4_autonav_interfaces/msg/pick_place_event__type_support.cpp.o[0m
[2.575s] [ 46%] [32mBuilding C object CMakeFiles/tb4_autonav_interfaces__rosidl_typesupport_introspection_c.dir/rosidl_typesupport_introspection_c/tb4_autonav_interfaces/msg/detail/yolo_target_bias__type_support.c.o[0m
[2.609s] [35m[1mConsolidate compiler generated dependencies of target tb4_autonav_interfaces__rosidl_typesupport_fastrtps_c[0m
[2.637s] [ 48%] [32m[1mLinking CXX shared library libtb4_autonav_interfaces__rosidl_typesupport_c.so[0m
[2.650s] [ 51%] [32mBuilding C object CMakeFiles/tb4_autonav_interfaces__rosidl_typesupport_introspection_c.dir/rosidl_typesupport_introspection_c/tb4_autonav_interfaces/msg/detail/pick_place_event__type_support.c.o[0m
[2.674s] [ 53%] [32mBuilding CXX object CMakeFiles/tb4_autonav_interfaces__rosidl_typesupport_fastrtps_c.dir/rosidl_typesupport_fastrtps_c/tb4_autonav_interfaces/msg/detail/traffic_event__type_support_c.cpp.o[0m
[2.725s] [ 55%] [32m[1mLinking C shared library libtb4_autonav_interfaces__rosidl_typesupport_introspection_c.so[0m
[2.753s] [ 55%] Built target tb4_autonav_interfaces__rosidl_typesupport_c
[2.772s] [ 57%] [32mBuilding CXX object CMakeFiles/tb4_autonav_interfaces__rosidl_typesupport_fastrtps_cpp.dir/rosidl_typesupport_fastrtps_cpp/tb4_autonav_interfaces/msg/detail/dds_fastrtps/yolo_target_bias__type_support.cpp.o[0m
[2.808s] [ 59%] [32mBuilding CXX object CMakeFiles/tb4_autonav_interfaces__rosidl_typesupport_cpp.dir/rosidl_typesupport_cpp/tb4_autonav_interfaces/msg/yolo_target_bias__type_support.cpp.o[0m
[2.824s] [ 59%] Built target tb4_autonav_interfaces__rosidl_typesupport_introspection_c
[2.825s] [ 61%] [32mBuilding CXX object CMakeFiles/tb4_autonav_interfaces__rosidl_typesupport_fastrtps_c.dir/rosidl_typesupport_fastrtps_c/tb4_autonav_interfaces/msg/detail/yolo_target_bias__type_support_c.cpp.o[0m
[2.846s] [ 63%] [32mBuilding CXX object CMakeFiles/tb4_autonav_interfaces__rosidl_typesupport_cpp.dir/rosidl_typesupport_cpp/tb4_autonav_interfaces/msg/pick_place_event__type_support.cpp.o[0m
[2.920s] [ 65%] [32mBuilding CXX object CMakeFiles/tb4_autonav_interfaces__rosidl_typesupport_fastrtps_cpp.dir/rosidl_typesupport_fastrtps_cpp/tb4_autonav_interfaces/msg/detail/dds_fastrtps/pick_place_event__type_support.cpp.o[0m
[2.960s] [ 68%] [32m[1mLinking CXX shared library libtb4_autonav_interfaces__rosidl_typesupport_introspection_cpp.so[0m
[3.049s] [ 68%] Built target tb4_autonav_interfaces__rosidl_typesupport_introspection_cpp
[3.064s] [ 70%] [32mBuilding CXX object CMakeFiles/tb4_autonav_interfaces__rosidl_typesupport_fastrtps_c.dir/rosidl_typesupport_fastrtps_c/tb4_autonav_interfaces/msg/detail/pick_place_event__type_support_c.cpp.o[0m
[3.366s] [ 72%] [32m[1mLinking CXX shared library libtb4_autonav_interfaces__rosidl_typesupport_cpp.so[0m
[3.445s] [ 72%] Built target tb4_autonav_interfaces__rosidl_typesupport_cpp
[3.458s] [ 74%] [32m[1mLinking CXX shared library libtb4_autonav_interfaces__rosidl_typesupport_fastrtps_cpp.so[0m
[3.517s] [ 76%] [32m[1mLinking CXX shared library libtb4_autonav_interfaces__rosidl_typesupport_fastrtps_c.so[0m
[3.562s] [ 76%] Built target tb4_autonav_interfaces__rosidl_typesupport_fastrtps_cpp
[3.602s] [ 76%] Built target tb4_autonav_interfaces__rosidl_typesupport_fastrtps_c
[3.621s] [ 76%] Built target tb4_autonav_interfaces
[3.645s] [ 78%] [34m[1mGenerating Python code for ROS interfaces[0m
[4.188s] [ 78%] Built target tb4_autonav_interfaces__py
[4.198s] [35m[1mConsolidate compiler generated dependencies of target tb4_autonav_interfaces__rosidl_generator_py[0m
[4.212s] [ 85%] [32mBuilding C object CMakeFiles/tb4_autonav_interfaces__rosidl_generator_py.dir/rosidl_generator_py/tb4_autonav_interfaces/msg/_traffic_event_s.c.o[0m
[4.212s] [ 85%] [32mBuilding C object CMakeFiles/tb4_autonav_interfaces__rosidl_generator_py.dir/rosidl_generator_py/tb4_autonav_interfaces/msg/_yolo_target_bias_s.c.o[0m
[4.212s] [ 85%] [32mBuilding C object CMakeFiles/tb4_autonav_interfaces__rosidl_generator_py.dir/rosidl_generator_py/tb4_autonav_interfaces/msg/_pick_place_event_s.c.o[0m
[4.308s] [ 87%] [32m[1mLinking C shared library rosidl_generator_py/tb4_autonav_interfaces/libtb4_autonav_interfaces__rosidl_generator_py.so[0m
[4.342s] [ 87%] Built target tb4_autonav_interfaces__rosidl_generator_py
[4.352s] [35m[1mConsolidate compiler generated dependencies of target tb4_autonav_interfaces__rosidl_typesupport_c__pyext[0m
[4.352s] [35m[1mConsolidate compiler generated dependencies of target tb4_autonav_interfaces__rosidl_typesupport_introspection_c__pyext[0m
[4.352s] [35m[1mConsolidate compiler generated dependencies of target tb4_autonav_interfaces__rosidl_typesupport_fastrtps_c__pyext[0m
[4.371s] [ 89%] [32mBuilding C object CMakeFiles/tb4_autonav_interfaces__rosidl_typesupport_introspection_c__pyext.dir/rosidl_generator_py/tb4_autonav_interfaces/_tb4_autonav_interfaces_s.ep.rosidl_typesupport_introspection_c.c.o[0m
[4.371s] [ 91%] [32mBuilding C object CMakeFiles/tb4_autonav_interfaces__rosidl_typesupport_c__pyext.dir/rosidl_generator_py/tb4_autonav_interfaces/_tb4_autonav_interfaces_s.ep.rosidl_typesupport_c.c.o[0m
[4.371s] [ 93%] [32mBuilding C object CMakeFiles/tb4_autonav_interfaces__rosidl_typesupport_fastrtps_c__pyext.dir/rosidl_generator_py/tb4_autonav_interfaces/_tb4_autonav_interfaces_s.ep.rosidl_typesupport_fastrtps_c.c.o[0m
[4.488s] [ 95%] [32m[1mLinking C shared library rosidl_generator_py/tb4_autonav_interfaces/tb4_autonav_interfaces_s__rosidl_typesupport_c.cpython-310-x86_64-linux-gnu.so[0m
[4.495s] [ 97%] [32m[1mLinking C shared library rosidl_generator_py/tb4_autonav_interfaces/tb4_autonav_interfaces_s__rosidl_typesupport_introspection_c.cpython-310-x86_64-linux-gnu.so[0m
[4.497s] [100%] [32m[1mLinking C shared library rosidl_generator_py/tb4_autonav_interfaces/tb4_autonav_interfaces_s__rosidl_typesupport_fastrtps_c.cpython-310-x86_64-linux-gnu.so[0m
[4.535s] [100%] Built target tb4_autonav_interfaces__rosidl_typesupport_c__pyext
[4.539s] [100%] Built target tb4_autonav_interfaces__rosidl_typesupport_introspection_c__pyext
[4.541s] [100%] Built target tb4_autonav_interfaces__rosidl_typesupport_fastrtps_c__pyext
[4.554s] Invoked command in '/home/tony/25_ws/build/tb4_autonav_interfaces' returned '0': CMAKE_PREFIX_PATH=${CMAKE_PREFIX_PATH}:/home/tony/ros2_ws/install/witmotion_ros_driver:/home/tony/ros2_ws/install/ros2_aruco:/home/tony/ros2_ws/install/interbotix_xs_modules:/home/tony/ros2_ws/install/interbotix_perception_modules:/home/tony/ros2_ws/install/interbotix_common_modules:/home/tony/ros2_ws/install/detection:/home/tony/new_ws/install/project:/home/tony/25_ws/install/tb4_autonav:/home/tony/24fall_EE211_ws/install/turtlebot4_tests:/home/tony/24fall_EE211_ws/install/turtlebot4_diagnostics:/opt/ros/humble /usr/bin/cmake --build /home/tony/25_ws/build/tb4_autonav_interfaces -- -j8 -l8
[4.556s] Invoking command in '/home/tony/25_ws/build/tb4_autonav_interfaces': CMAKE_PREFIX_PATH=${CMAKE_PREFIX_PATH}:/home/tony/ros2_ws/install/witmotion_ros_driver:/home/tony/ros2_ws/install/ros2_aruco:/home/tony/ros2_ws/install/interbotix_xs_modules:/home/tony/ros2_ws/install/interbotix_perception_modules:/home/tony/ros2_ws/install/interbotix_common_modules:/home/tony/ros2_ws/install/detection:/home/tony/new_ws/install/project:/home/tony/25_ws/install/tb4_autonav:/home/tony/24fall_EE211_ws/install/turtlebot4_tests:/home/tony/24fall_EE211_ws/install/turtlebot4_diagnostics:/opt/ros/humble /usr/bin/cmake --install /home/tony/25_ws/build/tb4_autonav_interfaces
[4.565s] -- Install configuration: ""
[4.565s] -- Up-to-date: /home/tony/25_ws/install/tb4_autonav_interfaces/share/ament_index/resource_index/rosidl_interfaces/tb4_autonav_interfaces
[4.566s] -- Up-to-date: /home/tony/25_ws/install/tb4_autonav_interfaces/include/tb4_autonav_interfaces/tb4_autonav_interfaces
[4.566s] -- Up-to-date: /home/tony/25_ws/install/tb4_autonav_interfaces/include/tb4_autonav_interfaces/tb4_autonav_interfaces/msg
[4.566s] -- Installing: /home/tony/25_ws/install/tb4_autonav_interfaces/include/tb4_autonav_interfaces/tb4_autonav_interfaces/msg/yolo_target_bias.h
[4.566s] -- Installing: /home/tony/25_ws/install/tb4_autonav_interfaces/include/tb4_autonav_interfaces/tb4_autonav_interfaces/msg/traffic_event.h
[4.566s] -- Up-to-date: /home/tony/25_ws/install/tb4_autonav_interfaces/include/tb4_autonav_interfaces/tb4_autonav_interfaces/msg/detail
[4.566s] -- Installing: /home/tony/25_ws/install/tb4_autonav_interfaces/include/tb4_autonav_interfaces/tb4_autonav_interfaces/msg/detail/traffic_event__struct.h
[4.566s] -- Installing: /home/tony/25_ws/install/tb4_autonav_interfaces/include/tb4_autonav_interfaces/tb4_autonav_interfaces/msg/detail/yolo_target_bias__type_support.h
[4.566s] -- Installing: /home/tony/25_ws/install/tb4_autonav_interfaces/include/tb4_autonav_interfaces/tb4_autonav_interfaces/msg/detail/yolo_target_bias__functions.h
[4.566s] -- Installing: /home/tony/25_ws/install/tb4_autonav_interfaces/include/tb4_autonav_interfaces/tb4_autonav_interfaces/msg/detail/traffic_event__functions.h
[4.566s] -- Installing: /home/tony/25_ws/install/tb4_autonav_interfaces/include/tb4_autonav_interfaces/tb4_autonav_interfaces/msg/detail/yolo_target_bias__struct.h
[4.567s] -- Installing: /home/tony/25_ws/install/tb4_autonav_interfaces/include/tb4_autonav_interfaces/tb4_autonav_interfaces/msg/detail/traffic_event__type_support.h
[4.567s] -- Installing: /home/tony/25_ws/install/tb4_autonav_interfaces/include/tb4_autonav_interfaces/tb4_autonav_interfaces/msg/detail/pick_place_event__functions.c
[4.567s] -- Installing: /home/tony/25_ws/install/tb4_autonav_interfaces/include/tb4_autonav_interfaces/tb4_autonav_interfaces/msg/detail/traffic_event__functions.c
[4.567s] -- Installing: /home/tony/25_ws/install/tb4_autonav_interfaces/include/tb4_autonav_interfaces/tb4_autonav_interfaces/msg/detail/pick_place_event__type_support.h
[4.567s] -- Installing: /home/tony/25_ws/install/tb4_autonav_interfaces/include/tb4_autonav_interfaces/tb4_autonav_interfaces/msg/detail/pick_place_event__functions.h
[4.567s] -- Installing: /home/tony/25_ws/install/tb4_autonav_interfaces/include/tb4_autonav_interfaces/tb4_autonav_interfaces/msg/detail/yolo_target_bias__functions.c
[4.567s] -- Installing: /home/tony/25_ws/install/tb4_autonav_interfaces/include/tb4_autonav_interfaces/tb4_autonav_interfaces/msg/detail/pick_place_event__struct.h
[4.567s] -- Up-to-date: /home/tony/25_ws/install/tb4_autonav_interfaces/include/tb4_autonav_interfaces/tb4_autonav_interfaces/msg/rosidl_generator_c__visibility_control.h
[4.567s] -- Installing: /home/tony/25_ws/install/tb4_autonav_interfaces/include/tb4_autonav_interfaces/tb4_autonav_interfaces/msg/pick_place_event.h
[4.568s] -- Up-to-date: /home/tony/25_ws/install/tb4_autonav_interfaces/share/tb4_autonav_interfaces/environment/library_path.sh
[4.568s] -- Installing: /home/tony/25_ws/install/tb4_autonav_interfaces/share/tb4_autonav_interfaces/environment/library_path.dsv
[4.568s] -- Installing: /home/tony/25_ws/install/tb4_autonav_interfaces/lib/libtb4_autonav_interfaces__rosidl_generator_c.so
[4.568s] -- Set runtime path of "/home/tony/25_ws/install/tb4_autonav_interfaces/lib/libtb4_autonav_interfaces__rosidl_generator_c.so" to ""
[4.568s] -- Up-to-date: /home/tony/25_ws/install/tb4_autonav_interfaces/include/tb4_autonav_interfaces/tb4_autonav_interfaces
[4.568s] -- Up-to-date: /home/tony/25_ws/install/tb4_autonav_interfaces/include/tb4_autonav_interfaces/tb4_autonav_interfaces/msg
[4.568s] -- Up-to-date: /home/tony/25_ws/install/tb4_autonav_interfaces/include/tb4_autonav_interfaces/tb4_autonav_interfaces/msg/detail
[4.569s] -- Installing: /home/tony/25_ws/install/tb4_autonav_interfaces/include/tb4_autonav_interfaces/tb4_autonav_interfaces/msg/detail/pick_place_event__rosidl_typesupport_fastrtps_c.h
[4.569s] -- Installing: /home/tony/25_ws/install/tb4_autonav_interfaces/include/tb4_autonav_interfaces/tb4_autonav_interfaces/msg/detail/yolo_target_bias__rosidl_typesupport_fastrtps_c.h
[4.569s] -- Installing: /home/tony/25_ws/install/tb4_autonav_interfaces/include/tb4_autonav_interfaces/tb4_autonav_interfaces/msg/detail/traffic_event__rosidl_typesupport_fastrtps_c.h
[4.569s] -- Up-to-date: /home/tony/25_ws/install/tb4_autonav_interfaces/include/tb4_autonav_interfaces/tb4_autonav_interfaces/msg/rosidl_typesupport_fastrtps_c__visibility_control.h
[4.569s] -- Installing: /home/tony/25_ws/install/tb4_autonav_interfaces/lib/libtb4_autonav_interfaces__rosidl_typesupport_fastrtps_c.so
[4.569s] -- Set runtime path of "/home/tony/25_ws/install/tb4_autonav_interfaces/lib/libtb4_autonav_interfaces__rosidl_typesupport_fastrtps_c.so" to ""
[4.569s] -- Up-to-date: /home/tony/25_ws/install/tb4_autonav_interfaces/include/tb4_autonav_interfaces/tb4_autonav_interfaces
[4.569s] -- Up-to-date: /home/tony/25_ws/install/tb4_autonav_interfaces/include/tb4_autonav_interfaces/tb4_autonav_interfaces/msg
[4.570s] -- Up-to-date: /home/tony/25_ws/install/tb4_autonav_interfaces/include/tb4_autonav_interfaces/tb4_autonav_interfaces/msg/rosidl_typesupport_introspection_c__visibility_control.h
[4.570s] -- Up-to-date: /home/tony/25_ws/install/tb4_autonav_interfaces/include/tb4_autonav_interfaces/tb4_autonav_interfaces/msg/detail
[4.570s] -- Installing: /home/tony/25_ws/install/tb4_autonav_interfaces/include/tb4_autonav_interfaces/tb4_autonav_interfaces/msg/detail/yolo_target_bias__type_support.c
[4.570s] -- Installing: /home/tony/25_ws/install/tb4_autonav_interfaces/include/tb4_autonav_interfaces/tb4_autonav_interfaces/msg/detail/yolo_target_bias__rosidl_typesupport_introspection_c.h
[4.570s] -- Installing: /home/tony/25_ws/install/tb4_autonav_interfaces/include/tb4_autonav_interfaces/tb4_autonav_interfaces/msg/detail/pick_place_event__rosidl_typesupport_introspection_c.h
[4.570s] -- Installing: /home/tony/25_ws/install/tb4_autonav_interfaces/include/tb4_autonav_interfaces/tb4_autonav_interfaces/msg/detail/traffic_event__rosidl_typesupport_introspection_c.h
[4.570s] -- Installing: /home/tony/25_ws/install/tb4_autonav_interfaces/include/tb4_autonav_interfaces/tb4_autonav_interfaces/msg/detail/pick_place_event__type_support.c
[4.570s] -- Installing: /home/tony/25_ws/install/tb4_autonav_interfaces/include/tb4_autonav_interfaces/tb4_autonav_interfaces/msg/detail/traffic_event__type_support.c
[4.570s] -- Installing: /home/tony/25_ws/install/tb4_autonav_interfaces/lib/libtb4_autonav_interfaces__rosidl_typesupport_introspection_c.so
[4.571s] -- Set runtime path of "/home/tony/25_ws/install/tb4_autonav_interfaces/lib/libtb4_autonav_interfaces__rosidl_typesupport_introspection_c.so" to ""
[4.571s] -- Installing: /home/tony/25_ws/install/tb4_autonav_interfaces/lib/libtb4_autonav_interfaces__rosidl_typesupport_c.so
[4.571s] -- Set runtime path of "/home/tony/25_ws/install/tb4_autonav_interfaces/lib/libtb4_autonav_interfaces__rosidl_typesupport_c.so" to ""
[4.571s] -- Up-to-date: /home/tony/25_ws/install/tb4_autonav_interfaces/include/tb4_autonav_interfaces/tb4_autonav_interfaces
[4.571s] -- Up-to-date: /home/tony/25_ws/install/tb4_autonav_interfaces/include/tb4_autonav_interfaces/tb4_autonav_interfaces/msg
[4.571s] -- Installing: /home/tony/25_ws/install/tb4_autonav_interfaces/include/tb4_autonav_interfaces/tb4_autonav_interfaces/msg/pick_place_event.hpp
[4.572s] -- Up-to-date: /home/tony/25_ws/install/tb4_autonav_interfaces/include/tb4_autonav_interfaces/tb4_autonav_interfaces/msg/rosidl_generator_cpp__visibility_control.hpp
[4.572s] -- Up-to-date: /home/tony/25_ws/install/tb4_autonav_interfaces/include/tb4_autonav_interfaces/tb4_autonav_interfaces/msg/detail
[4.572s] -- Installing: /home/tony/25_ws/install/tb4_autonav_interfaces/include/tb4_autonav_interfaces/tb4_autonav_interfaces/msg/detail/yolo_target_bias__traits.hpp
[4.572s] -- Installing: /home/tony/25_ws/install/tb4_autonav_interfaces/include/tb4_autonav_interfaces/tb4_autonav_interfaces/msg/detail/pick_place_event__type_support.hpp
[4.572s] -- Installing: /home/tony/25_ws/install/tb4_autonav_interfaces/include/tb4_autonav_interfaces/tb4_autonav_interfaces/msg/detail/yolo_target_bias__type_support.hpp
[4.572s] -- Installing: /home/tony/25_ws/install/tb4_autonav_interfaces/include/tb4_autonav_interfaces/tb4_autonav_interfaces/msg/detail/yolo_target_bias__builder.hpp
[4.572s] -- Installing: /home/tony/25_ws/install/tb4_autonav_interfaces/include/tb4_autonav_interfaces/tb4_autonav_interfaces/msg/detail/traffic_event__type_support.hpp
[4.572s] -- Installing: /home/tony/25_ws/install/tb4_autonav_interfaces/include/tb4_autonav_interfaces/tb4_autonav_interfaces/msg/detail/pick_place_event__traits.hpp
[4.572s] -- Installing: /home/tony/25_ws/install/tb4_autonav_interfaces/include/tb4_autonav_interfaces/tb4_autonav_interfaces/msg/detail/yolo_target_bias__struct.hpp
[4.572s] -- Installing: /home/tony/25_ws/install/tb4_autonav_interfaces/include/tb4_autonav_interfaces/tb4_autonav_interfaces/msg/detail/pick_place_event__builder.hpp
[4.572s] -- Installing: /home/tony/25_ws/install/tb4_autonav_interfaces/include/tb4_autonav_interfaces/tb4_autonav_interfaces/msg/detail/traffic_event__builder.hpp
[4.573s] -- Installing: /home/tony/25_ws/install/tb4_autonav_interfaces/include/tb4_autonav_interfaces/tb4_autonav_interfaces/msg/detail/traffic_event__struct.hpp
[4.573s] -- Installing: /home/tony/25_ws/install/tb4_autonav_interfaces/include/tb4_autonav_interfaces/tb4_autonav_interfaces/msg/detail/pick_place_event__struct.hpp
[4.573s] -- Installing: /home/tony/25_ws/install/tb4_autonav_interfaces/include/tb4_autonav_interfaces/tb4_autonav_interfaces/msg/detail/traffic_event__traits.hpp
[4.573s] -- Installing: /home/tony/25_ws/install/tb4_autonav_interfaces/include/tb4_autonav_interfaces/tb4_autonav_interfaces/msg/yolo_target_bias.hpp
[4.573s] -- Installing: /home/tony/25_ws/install/tb4_autonav_interfaces/include/tb4_autonav_interfaces/tb4_autonav_interfaces/msg/traffic_event.hpp
[4.573s] -- Up-to-date: /home/tony/25_ws/install/tb4_autonav_interfaces/include/tb4_autonav_interfaces/tb4_autonav_interfaces
[4.573s] -- Up-to-date: /home/tony/25_ws/install/tb4_autonav_interfaces/include/tb4_autonav_interfaces/tb4_autonav_interfaces/msg
[4.573s] -- Up-to-date: /home/tony/25_ws/install/tb4_autonav_interfaces/include/tb4_autonav_interfaces/tb4_autonav_interfaces/msg/rosidl_typesupport_fastrtps_cpp__visibility_control.h
[4.573s] -- Up-to-date: /home/tony/25_ws/install/tb4_autonav_interfaces/include/tb4_autonav_interfaces/tb4_autonav_interfaces/msg/detail
[4.573s] -- Installing: /home/tony/25_ws/install/tb4_autonav_interfaces/include/tb4_autonav_interfaces/tb4_autonav_interfaces/msg/detail/traffic_event__rosidl_typesupport_fastrtps_cpp.hpp
[4.574s] -- Up-to-date: /home/tony/25_ws/install/tb4_autonav_interfaces/include/tb4_autonav_interfaces/tb4_autonav_interfaces/msg/detail/dds_fastrtps
[4.574s] -- Installing: /home/tony/25_ws/install/tb4_autonav_interfaces/include/tb4_autonav_interfaces/tb4_autonav_interfaces/msg/detail/yolo_target_bias__rosidl_typesupport_fastrtps_cpp.hpp
[4.574s] -- Installing: /home/tony/25_ws/install/tb4_autonav_interfaces/include/tb4_autonav_interfaces/tb4_autonav_interfaces/msg/detail/pick_place_event__rosidl_typesupport_fastrtps_cpp.hpp
[4.574s] -- Installing: /home/tony/25_ws/install/tb4_autonav_interfaces/lib/libtb4_autonav_interfaces__rosidl_typesupport_fastrtps_cpp.so
[4.574s] -- Set runtime path of "/home/tony/25_ws/install/tb4_autonav_interfaces/lib/libtb4_autonav_interfaces__rosidl_typesupport_fastrtps_cpp.so" to ""
[4.574s] -- Up-to-date: /home/tony/25_ws/install/tb4_autonav_interfaces/include/tb4_autonav_interfaces/tb4_autonav_interfaces
[4.574s] -- Up-to-date: /home/tony/25_ws/install/tb4_autonav_interfaces/include/tb4_autonav_interfaces/tb4_autonav_interfaces/msg
[4.574s] -- Up-to-date: /home/tony/25_ws/install/tb4_autonav_interfaces/include/tb4_autonav_interfaces/tb4_autonav_interfaces/msg/detail
[4.574s] -- Installing: /home/tony/25_ws/install/tb4_autonav_interfaces/include/tb4_autonav_interfaces/tb4_autonav_interfaces/msg/detail/pick_place_event__rosidl_typesupport_introspection_cpp.hpp
[4.575s] -- Installing: /home/tony/25_ws/install/tb4_autonav_interfaces/include/tb4_autonav_interfaces/tb4_autonav_interfaces/msg/detail/traffic_event__rosidl_typesupport_introspection_cpp.hpp
[4.575s] -- Installing: /home/tony/25_ws/install/tb4_autonav_interfaces/include/tb4_autonav_interfaces/tb4_autonav_interfaces/msg/detail/traffic_event__type_support.cpp
[4.575s] -- Installing: /home/tony/25_ws/install/tb4_autonav_interfaces/include/tb4_autonav_interfaces/tb4_autonav_interfaces/msg/detail/pick_place_event__type_support.cpp
[4.575s] -- Installing: /home/tony/25_ws/install/tb4_autonav_interfaces/include/tb4_autonav_interfaces/tb4_autonav_interfaces/msg/detail/yolo_target_bias__rosidl_typesupport_introspection_cpp.hpp
[4.575s] -- Installing: /home/tony/25_ws/install/tb4_autonav_interfaces/include/tb4_autonav_interfaces/tb4_autonav_interfaces/msg/detail/yolo_target_bias__type_support.cpp
[4.575s] -- Installing: /home/tony/25_ws/install/tb4_autonav_interfaces/lib/libtb4_autonav_interfaces__rosidl_typesupport_introspection_cpp.so
[4.575s] -- Set runtime path of "/home/tony/25_ws/install/tb4_autonav_interfaces/lib/libtb4_autonav_interfaces__rosidl_typesupport_introspection_cpp.so" to ""
[4.576s] -- Installing: /home/tony/25_ws/install/tb4_autonav_interfaces/lib/libtb4_autonav_interfaces__rosidl_typesupport_cpp.so
[4.576s] -- Set runtime path of "/home/tony/25_ws/install/tb4_autonav_interfaces/lib/libtb4_autonav_interfaces__rosidl_typesupport_cpp.so" to ""
[4.576s] -- Up-to-date: /home/tony/25_ws/install/tb4_autonav_interfaces/share/tb4_autonav_interfaces/environment/pythonpath.sh
[4.576s] -- Installing: /home/tony/25_ws/install/tb4_autonav_interfaces/share/tb4_autonav_interfaces/environment/pythonpath.dsv
[4.576s] -- Up-to-date: /home/tony/25_ws/install/tb4_autonav_interfaces/local/lib/python3.10/dist-packages/tb4_autonav_interfaces-0.0.1-py3.10.egg-info
[4.576s] -- Installing: /home/tony/25_ws/install/tb4_autonav_interfaces/local/lib/python3.10/dist-packages/tb4_autonav_interfaces-0.0.1-py3.10.egg-info/top_level.txt
[4.576s] -- Installing: /home/tony/25_ws/install/tb4_autonav_interfaces/local/lib/python3.10/dist-packages/tb4_autonav_interfaces-0.0.1-py3.10.egg-info/dependency_links.txt
[4.576s] -- Installing: /home/tony/25_ws/install/tb4_autonav_interfaces/local/lib/python3.10/dist-packages/tb4_autonav_interfaces-0.0.1-py3.10.egg-info/SOURCES.txt
[4.577s] -- Installing: /home/tony/25_ws/install/tb4_autonav_interfaces/local/lib/python3.10/dist-packages/tb4_autonav_interfaces-0.0.1-py3.10.egg-info/PKG-INFO
[4.577s] -- Up-to-date: /home/tony/25_ws/install/tb4_autonav_interfaces/local/lib/python3.10/dist-packages/tb4_autonav_interfaces
[4.577s] -- Installing: /home/tony/25_ws/install/tb4_autonav_interfaces/local/lib/python3.10/dist-packages/tb4_autonav_interfaces/tb4_autonav_interfaces_s__rosidl_typesupport_c.cpython-310-x86_64-linux-gnu.so
[4.577s] -- Installing: /home/tony/25_ws/install/tb4_autonav_interfaces/local/lib/python3.10/dist-packages/tb4_autonav_interfaces/libtb4_autonav_interfaces__rosidl_generator_py.so
[4.577s] -- Installing: /home/tony/25_ws/install/tb4_autonav_interfaces/local/lib/python3.10/dist-packages/tb4_autonav_interfaces/_tb4_autonav_interfaces_s.ep.rosidl_typesupport_introspection_c.c
[4.577s] -- Installing: /home/tony/25_ws/install/tb4_autonav_interfaces/local/lib/python3.10/dist-packages/tb4_autonav_interfaces/tb4_autonav_interfaces_s__rosidl_typesupport_fastrtps_c.cpython-310-x86_64-linux-gnu.so
[4.577s] -- Installing: /home/tony/25_ws/install/tb4_autonav_interfaces/local/lib/python3.10/dist-packages/tb4_autonav_interfaces/__init__.py
[4.577s] -- Installing: /home/tony/25_ws/install/tb4_autonav_interfaces/local/lib/python3.10/dist-packages/tb4_autonav_interfaces/tb4_autonav_interfaces_s__rosidl_typesupport_introspection_c.cpython-310-x86_64-linux-gnu.so
[4.578s] -- Installing: /home/tony/25_ws/install/tb4_autonav_interfaces/local/lib/python3.10/dist-packages/tb4_autonav_interfaces/_tb4_autonav_interfaces_s.ep.rosidl_typesupport_c.c
[4.578s] -- Up-to-date: /home/tony/25_ws/install/tb4_autonav_interfaces/local/lib/python3.10/dist-packages/tb4_autonav_interfaces/msg
[4.578s] -- Installing: /home/tony/25_ws/install/tb4_autonav_interfaces/local/lib/python3.10/dist-packages/tb4_autonav_interfaces/msg/_yolo_target_bias_s.c
[4.578s] -- Installing: /home/tony/25_ws/install/tb4_autonav_interfaces/local/lib/python3.10/dist-packages/tb4_autonav_interfaces/msg/_yolo_target_bias.py
[4.578s] -- Installing: /home/tony/25_ws/install/tb4_autonav_interfaces/local/lib/python3.10/dist-packages/tb4_autonav_interfaces/msg/_pick_place_event.py
[4.578s] -- Installing: /home/tony/25_ws/install/tb4_autonav_interfaces/local/lib/python3.10/dist-packages/tb4_autonav_interfaces/msg/__init__.py
[4.578s] -- Installing: /home/tony/25_ws/install/tb4_autonav_interfaces/local/lib/python3.10/dist-packages/tb4_autonav_interfaces/msg/_pick_place_event_s.c
[4.578s] -- Installing: /home/tony/25_ws/install/tb4_autonav_interfaces/local/lib/python3.10/dist-packages/tb4_autonav_interfaces/msg/_traffic_event.py
[4.579s] -- Installing: /home/tony/25_ws/install/tb4_autonav_interfaces/local/lib/python3.10/dist-packages/tb4_autonav_interfaces/msg/_traffic_event_s.c
[4.579s] -- Installing: /home/tony/25_ws/install/tb4_autonav_interfaces/local/lib/python3.10/dist-packages/tb4_autonav_interfaces/_tb4_autonav_interfaces_s.ep.rosidl_typesupport_fastrtps_c.c
[4.629s] Listing '/home/tony/25_ws/install/tb4_autonav_interfaces/local/lib/python3.10/dist-packages/tb4_autonav_interfaces'...
[4.629s] Compiling '/home/tony/25_ws/install/tb4_autonav_interfaces/local/lib/python3.10/dist-packages/tb4_autonav_interfaces/__init__.py'...
[4.629s] Listing '/home/tony/25_ws/install/tb4_autonav_interfaces/local/lib/python3.10/dist-packages/tb4_autonav_interfaces/msg'...
[4.629s] Compiling '/home/tony/25_ws/install/tb4_autonav_interfaces/local/lib/python3.10/dist-packages/tb4_autonav_interfaces/msg/__init__.py'...
[4.629s] Compiling '/home/tony/25_ws/install/tb4_autonav_interfaces/local/lib/python3.10/dist-packages/tb4_autonav_interfaces/msg/_pick_place_event.py'...
[4.630s] Compiling '/home/tony/25_ws/install/tb4_autonav_interfaces/local/lib/python3.10/dist-packages/tb4_autonav_interfaces/msg/_traffic_event.py'...
[4.630s] Compiling '/home/tony/25_ws/install/tb4_autonav_interfaces/local/lib/python3.10/dist-packages/tb4_autonav_interfaces/msg/_yolo_target_bias.py'...
[4.636s] -- Installing: /home/tony/25_ws/install/tb4_autonav_interfaces/local/lib/python3.10/dist-packages/tb4_autonav_interfaces/tb4_autonav_interfaces_s__rosidl_typesupport_fastrtps_c.cpython-310-x86_64-linux-gnu.so
[4.636s] -- Set runtime path of "/home/tony/25_ws/install/tb4_autonav_interfaces/local/lib/python3.10/dist-packages/tb4_autonav_interfaces/tb4_autonav_interfaces_s__rosidl_typesupport_fastrtps_c.cpython-310-x86_64-linux-gnu.so" to ""
[4.636s] -- Installing: /home/tony/25_ws/install/tb4_autonav_interfaces/local/lib/python3.10/dist-packages/tb4_autonav_interfaces/tb4_autonav_interfaces_s__rosidl_typesupport_introspection_c.cpython-310-x86_64-linux-gnu.so
[4.636s] -- Set runtime path of "/home/tony/25_ws/install/tb4_autonav_interfaces/local/lib/python3.10/dist-packages/tb4_autonav_interfaces/tb4_autonav_interfaces_s__rosidl_typesupport_introspection_c.cpython-310-x86_64-linux-gnu.so" to ""
[4.636s] -- Installing: /home/tony/25_ws/install/tb4_autonav_interfaces/local/lib/python3.10/dist-packages/tb4_autonav_interfaces/tb4_autonav_interfaces_s__rosidl_typesupport_c.cpython-310-x86_64-linux-gnu.so
[4.636s] -- Set runtime path of "/home/tony/25_ws/install/tb4_autonav_interfaces/local/lib/python3.10/dist-packages/tb4_autonav_interfaces/tb4_autonav_interfaces_s__rosidl_typesupport_c.cpython-310-x86_64-linux-gnu.so" to ""
[4.636s] -- Installing: /home/tony/25_ws/install/tb4_autonav_interfaces/lib/libtb4_autonav_interfaces__rosidl_generator_py.so
[4.636s] -- Set runtime path of "/home/tony/25_ws/install/tb4_autonav_interfaces/lib/libtb4_autonav_interfaces__rosidl_generator_py.so" to ""
[4.636s] -- Up-to-date: /home/tony/25_ws/install/tb4_autonav_interfaces/share/tb4_autonav_interfaces/msg/TrafficEvent.idl
[4.636s] -- Up-to-date: /home/tony/25_ws/install/tb4_autonav_interfaces/share/tb4_autonav_interfaces/msg/YoloTargetBias.idl
[4.637s] -- Installing: /home/tony/25_ws/install/tb4_autonav_interfaces/share/tb4_autonav_interfaces/msg/PickPlaceEvent.idl
[4.637s] -- Up-to-date: /home/tony/25_ws/install/tb4_autonav_interfaces/share/tb4_autonav_interfaces/msg/TrafficEvent.msg
[4.637s] -- Up-to-date: /home/tony/25_ws/install/tb4_autonav_interfaces/share/tb4_autonav_interfaces/msg/YoloTargetBias.msg
[4.637s] -- Installing: /home/tony/25_ws/install/tb4_autonav_interfaces/share/tb4_autonav_interfaces/msg/PickPlaceEvent.msg
[4.637s] -- Up-to-date: /home/tony/25_ws/install/tb4_autonav_interfaces/share/ament_index/resource_index/package_run_dependencies/tb4_autonav_interfaces
[4.637s] -- Up-to-date: /home/tony/25_ws/install/tb4_autonav_interfaces/share/ament_index/resource_index/parent_prefix_path/tb4_autonav_interfaces
[4.637s] -- Up-to-date: /home/tony/25_ws/install/tb4_autonav_interfaces/share/tb4_autonav_interfaces/environment/ament_prefix_path.sh
[4.637s] -- Installing: /home/tony/25_ws/install/tb4_autonav_interfaces/share/tb4_autonav_interfaces/environment/ament_prefix_path.dsv
[4.637s] -- Up-to-date: /home/tony/25_ws/install/tb4_autonav_interfaces/share/tb4_autonav_interfaces/environment/path.sh
[4.637s] -- Installing: /home/tony/25_ws/install/tb4_autonav_interfaces/share/tb4_autonav_interfaces/environment/path.dsv
[4.638s] -- Up-to-date: /home/tony/25_ws/install/tb4_autonav_interfaces/share/tb4_autonav_interfaces/local_setup.bash
[4.638s] -- Up-to-date: /home/tony/25_ws/install/tb4_autonav_interfaces/share/tb4_autonav_interfaces/local_setup.sh
[4.638s] -- Up-to-date: /home/tony/25_ws/install/tb4_autonav_interfaces/share/tb4_autonav_interfaces/local_setup.zsh
[4.638s] -- Installing: /home/tony/25_ws/install/tb4_autonav_interfaces/share/tb4_autonav_interfaces/local_setup.dsv
[4.638s] -- Installing: /home/tony/25_ws/install/tb4_autonav_interfaces/share/tb4_autonav_interfaces/package.dsv
[4.638s] -- Up-to-date: /home/tony/25_ws/install/tb4_autonav_interfaces/share/ament_index/resource_index/packages/tb4_autonav_interfaces
[4.638s] -- Up-to-date: /home/tony/25_ws/install/tb4_autonav_interfaces/share/tb4_autonav_interfaces/cmake/export_tb4_autonav_interfaces__rosidl_generator_cExport.cmake
[4.638s] -- Up-to-date: /home/tony/25_ws/install/tb4_autonav_interfaces/share/tb4_autonav_interfaces/cmake/export_tb4_autonav_interfaces__rosidl_generator_cExport-noconfig.cmake
[4.638s] -- Up-to-date: /home/tony/25_ws/install/tb4_autonav_interfaces/share/tb4_autonav_interfaces/cmake/export_tb4_autonav_interfaces__rosidl_typesupport_fastrtps_cExport.cmake
[4.638s] -- Up-to-date: /home/tony/25_ws/install/tb4_autonav_interfaces/share/tb4_autonav_interfaces/cmake/export_tb4_autonav_interfaces__rosidl_typesupport_fastrtps_cExport-noconfig.cmake
[4.638s] -- Up-to-date: /home/tony/25_ws/install/tb4_autonav_interfaces/share/tb4_autonav_interfaces/cmake/tb4_autonav_interfaces__rosidl_typesupport_introspection_cExport.cmake
[4.639s] -- Up-to-date: /home/tony/25_ws/install/tb4_autonav_interfaces/share/tb4_autonav_interfaces/cmake/tb4_autonav_interfaces__rosidl_typesupport_introspection_cExport-noconfig.cmake
[4.639s] -- Up-to-date: /home/tony/25_ws/install/tb4_autonav_interfaces/share/tb4_autonav_interfaces/cmake/tb4_autonav_interfaces__rosidl_typesupport_cExport.cmake
[4.639s] -- Up-to-date: /home/tony/25_ws/install/tb4_autonav_interfaces/share/tb4_autonav_interfaces/cmake/tb4_autonav_interfaces__rosidl_typesupport_cExport-noconfig.cmake
[4.639s] -- Up-to-date: /home/tony/25_ws/install/tb4_autonav_interfaces/share/tb4_autonav_interfaces/cmake/export_tb4_autonav_interfaces__rosidl_generator_cppExport.cmake
[4.639s] -- Up-to-date: /home/tony/25_ws/install/tb4_autonav_interfaces/share/tb4_autonav_interfaces/cmake/export_tb4_autonav_interfaces__rosidl_typesupport_fastrtps_cppExport.cmake
[4.639s] -- Up-to-date: /home/tony/25_ws/install/tb4_autonav_interfaces/share/tb4_autonav_interfaces/cmake/export_tb4_autonav_interfaces__rosidl_typesupport_fastrtps_cppExport-noconfig.cmake
[4.643s] -- Up-to-date: /home/tony/25_ws/install/tb4_autonav_interfaces/share/tb4_autonav_interfaces/cmake/tb4_autonav_interfaces__rosidl_typesupport_introspection_cppExport.cmake
[4.643s] -- Up-to-date: /home/tony/25_ws/install/tb4_autonav_interfaces/share/tb4_autonav_interfaces/cmake/tb4_autonav_interfaces__rosidl_typesupport_introspection_cppExport-noconfig.cmake
[4.643s] -- Up-to-date: /home/tony/25_ws/install/tb4_autonav_interfaces/share/tb4_autonav_interfaces/cmake/tb4_autonav_interfaces__rosidl_typesupport_cppExport.cmake
[4.643s] -- Up-to-date: /home/tony/25_ws/install/tb4_autonav_interfaces/share/tb4_autonav_interfaces/cmake/tb4_autonav_interfaces__rosidl_typesupport_cppExport-noconfig.cmake
[4.644s] -- Up-to-date: /home/tony/25_ws/install/tb4_autonav_interfaces/share/tb4_autonav_interfaces/cmake/export_tb4_autonav_interfaces__rosidl_generator_pyExport.cmake
[4.644s] -- Up-to-date: /home/tony/25_ws/install/tb4_autonav_interfaces/share/tb4_autonav_interfaces/cmake/export_tb4_autonav_interfaces__rosidl_generator_pyExport-noconfig.cmake
[4.644s] -- Up-to-date: /home/tony/25_ws/install/tb4_autonav_interfaces/share/tb4_autonav_interfaces/cmake/rosidl_cmake-extras.cmake
[4.644s] -- Up-to-date: /home/tony/25_ws/install/tb4_autonav_interfaces/share/tb4_autonav_interfaces/cmake/ament_cmake_export_dependencies-extras.cmake
[4.644s] -- Up-to-date: /home/tony/25_ws/install/tb4_autonav_interfaces/share/tb4_autonav_interfaces/cmake/ament_cmake_export_include_directories-extras.cmake
[4.644s] -- Up-to-date: /home/tony/25_ws/install/tb4_autonav_interfaces/share/tb4_autonav_interfaces/cmake/ament_cmake_export_libraries-extras.cmake
[4.644s] -- Up-to-date: /home/tony/25_ws/install/tb4_autonav_interfaces/share/tb4_autonav_interfaces/cmake/ament_cmake_export_targets-extras.cmake
[4.644s] -- Up-to-date: /home/tony/25_ws/install/tb4_autonav_interfaces/share/tb4_autonav_interfaces/cmake/rosidl_cmake_export_typesupport_targets-extras.cmake
[4.645s] -- Up-to-date: /home/tony/25_ws/install/tb4_autonav_interfaces/share/tb4_autonav_interfaces/cmake/rosidl_cmake_export_typesupport_libraries-extras.cmake
[4.645s] -- Up-to-date: /home/tony/25_ws/install/tb4_autonav_interfaces/share/tb4_autonav_interfaces/cmake/tb4_autonav_interfacesConfig.cmake
[4.645s] -- Up-to-date: /home/tony/25_ws/install/tb4_autonav_interfaces/share/tb4_autonav_interfaces/cmake/tb4_autonav_interfacesConfig-version.cmake
[4.645s] -- Up-to-date: /home/tony/25_ws/install/tb4_autonav_interfaces/share/tb4_autonav_interfaces/package.xml
[4.645s] Invoked command in '/home/tony/25_ws/build/tb4_autonav_interfaces' returned '0': CMAKE_PREFIX_PATH=${CMAKE_PREFIX_PATH}:/home/tony/ros2_ws/install/witmotion_ros_driver:/home/tony/ros2_ws/install/ros2_aruco:/home/tony/ros2_ws/install/interbotix_xs_modules:/home/tony/ros2_ws/install/interbotix_perception_modules:/home/tony/ros2_ws/install/interbotix_common_modules:/home/tony/ros2_ws/install/detection:/home/tony/new_ws/install/project:/home/tony/25_ws/install/tb4_autonav:/home/tony/24fall_EE211_ws/install/turtlebot4_tests:/home/tony/24fall_EE211_ws/install/turtlebot4_diagnostics:/opt/ros/humble /usr/bin/cmake --install /home/tony/25_ws/build/tb4_autonav_interfaces
